exports[`FlashMessage displays message 1`] = `
<div
  className="FlashMessage">
  Hello World!
</div>
`;
