exports[`TextInput does not explode 1`] = `
<div
  className="TextInput">
  <input
    name="COOL NAME"
    onChange={[Function changeHandler]}
    placeholder="COOL FIELD"
    type="text"
    value="COOL VALUE" />
</div>
`;
